Copyright 1986-2015 Xilinx, Inc. All Rights Reserved.
---------------------------------------------------------------------------------------------------------------------
| Tool Version     : Vivado v.2015.4.1 (lin64) Build 1431336 Fri Dec 11 14:52:39 MST 2015
| Date             : Thu Oct  5 16:26:51 2017
| Host             : ecelinsrvy.ece.gatech.edu running 64-bit Red Hat Enterprise Linux Server release 6.9 (Santiago)
| Command          : report_power -file filter_8_power_routed.rpt -pb filter_8_power_summary_routed.pb
| Design           : filter_8
| Device           : xcku115-flva2104-3-e
| Design State     : routed
| Grade            : extended
| Process          : typical
| Characterization : Advance
---------------------------------------------------------------------------------------------------------------------

Power Report

Table of Contents
-----------------
1. Summary
1.1 On-Chip Components
1.2 Power Supply Summary
1.3 Confidence Level
2. Settings
2.1 Environment
2.2 Clock Constraints
3. Detailed Reports
3.1 By Hierarchy

1. Summary
----------

+--------------------------+-------+
| Total On-Chip Power (W)  | 1.350 |
| Dynamic (W)              | 0.020 |
| Device Static (W)        | 1.330 |
| Effective TJA (C/W)      | 0.8   |
| Max Ambient (C)          | 98.9  |
| Junction Temperature (C) | 26.1  |
| Confidence Level         | Low   |
| Setting File             | ---   |
| Simulation Activity File | ---   |
| Design Nets Matched      | NA    |
+--------------------------+-------+


1.1 On-Chip Components
----------------------

+----------------+-----------+----------+-----------+-----------------+
| On-Chip        | Power (W) | Used     | Available | Utilization (%) |
+----------------+-----------+----------+-----------+-----------------+
| Clocks         |    <0.001 |        3 |       --- |             --- |
| CLB Logic      |     0.002 |     1888 |       --- |             --- |
|   LUT as Logic |     0.002 |     1160 |    663360 |            0.17 |
|   CARRY8       |    <0.001 |      146 |     82920 |            0.18 |
|   Register     |    <0.001 |      110 |   1326720 |           <0.01 |
|   Others       |     0.000 |        8 |       --- |             --- |
| Signals        |     0.002 |     1717 |       --- |             --- |
| I/O            |     0.016 |      160 |       832 |           19.23 |
| Static Power   |     1.330 |          |           |                 |
| Total          |     1.350 |          |           |                 |
+----------------+-----------+----------+-----------+-----------------+


1.2 Power Supply Summary
------------------------

+------------+-------------+-----------+-------------+------------+
| Source     | Voltage (V) | Total (A) | Dynamic (A) | Static (A) |
+------------+-------------+-----------+-------------+------------+
| Vccint     |       1.000 |     0.485 |       0.005 |      0.480 |
| Vccaux     |       1.800 |     0.236 |       0.000 |      0.236 |
| Vccaux_io  |       1.800 |     0.168 |       0.005 |      0.162 |
| Vccint_io  |       1.000 |     0.047 |       0.005 |      0.042 |
| Vcco33     |       3.300 |     0.000 |       0.000 |      0.000 |
| Vcco25     |       2.500 |     0.000 |       0.000 |      0.000 |
| Vcco18     |       1.800 |     0.001 |       0.001 |      0.000 |
| Vcco15     |       1.500 |     0.000 |       0.000 |      0.000 |
| Vcco135    |       1.350 |     0.000 |       0.000 |      0.000 |
| Vcco12     |       1.200 |     0.000 |       0.000 |      0.000 |
| Vcco10     |       1.000 |     0.000 |       0.000 |      0.000 |
| Vccbram    |       1.000 |     0.042 |       0.000 |      0.042 |
| MGTAVcc    |       1.000 |     0.000 |       0.000 |      0.000 |
| MGTAVtt    |       1.200 |     0.000 |       0.000 |      0.000 |
| MGTVccaux  |       1.800 |     0.000 |       0.000 |      0.000 |
| Vccadc     |       1.800 |     0.028 |       0.000 |      0.028 |
| MGTYVccaux |       1.800 |     0.000 |       0.000 |      0.000 |
| MGTYAVcc   |       1.000 |     0.000 |       0.000 |      0.000 |
| MGTYAVtt   |       1.200 |     0.000 |       0.000 |      0.000 |
+------------+-------------+-----------+-------------+------------+


1.3 Confidence Level
--------------------

+-----------------------------+------------+--------------------------------------------------------+------------------------------------------------------------------------------------------------------------+
| User Input Data             | Confidence | Details                                                | Action                                                                                                     |
+-----------------------------+------------+--------------------------------------------------------+------------------------------------------------------------------------------------------------------------+
| Design implementation state | High       | Design is routed                                       |                                                                                                            |
| Clock nodes activity        | High       | User specified more than 95% of clocks                 |                                                                                                            |
| I/O nodes activity          | Low        | More than 75% of inputs are missing user specification | Provide missing input activity with simulation results or by editing the "By Resource Type -> I/Os" view   |
| Internal nodes activity     | Medium     | User specified less than 25% of internal nodes         | Provide missing internal nodes activity with simulation results or by editing the "By Resource Type" views |
| Device models               | Medium     | Device models are not Production                       | Device models may change and in turn slightly affect accuracy                                              |
|                             |            |                                                        |                                                                                                            |
| Overall confidence level    | Low        |                                                        |                                                                                                            |
+-----------------------------+------------+--------------------------------------------------------+------------------------------------------------------------------------------------------------------------+


2. Settings
-----------

2.1 Environment
---------------

+-----------------------+--------------------------+
| Ambient Temp (C)      | 25.0                     |
| ThetaJA (C/W)         | 0.8                      |
| Airflow (LFM)         | 250                      |
| Heat Sink             | medium (Medium Profile)  |
| ThetaSA (C/W)         | 1.2                      |
| Board Selection       | medium (10"x10")         |
| # of Board Layers     | 12to15 (12 to 15 Layers) |
| Board Temperature (C) | 25.0                     |
+-----------------------+--------------------------+


2.2 Clock Constraints
---------------------

+-----------+--------+-----------------+
| Clock     | Domain | Constraint (ns) |
+-----------+--------+-----------------+
| clk_pin_p | clk    |            50.0 |
+-----------+--------+-----------------+


3. Detailed Reports
-------------------

3.1 By Hierarchy
----------------

+-----------------------------+-----------+
| Name                        | Power (W) |
+-----------------------------+-----------+
| filter_8                    |     0.020 |
|   Data_Buf_In               |     0.002 |
|   Data_valid_buffer         |    <0.001 |
|   clk_IBUF_inst             |    <0.001 |
|   coeff_en_in_IBUF_inst     |    <0.001 |
|   coeff_imag_0_IBUF[0]_inst |    <0.001 |
|   coeff_imag_0_IBUF[1]_inst |    <0.001 |
|   coeff_imag_0_IBUF[2]_inst |    <0.001 |
|   coeff_imag_0_IBUF[3]_inst |    <0.001 |
|   coeff_imag_0_IBUF[4]_inst |    <0.001 |
|   coeff_imag_0_IBUF[5]_inst |    <0.001 |
|   coeff_imag_0_IBUF[6]_inst |    <0.001 |
|   coeff_imag_0_IBUF[7]_inst |    <0.001 |
|   coeff_imag_1_IBUF[0]_inst |    <0.001 |
|   coeff_imag_1_IBUF[1]_inst |    <0.001 |
|   coeff_imag_1_IBUF[2]_inst |    <0.001 |
|   coeff_imag_1_IBUF[3]_inst |    <0.001 |
|   coeff_imag_1_IBUF[4]_inst |    <0.001 |
|   coeff_imag_1_IBUF[5]_inst |    <0.001 |
|   coeff_imag_1_IBUF[6]_inst |    <0.001 |
|   coeff_imag_1_IBUF[7]_inst |    <0.001 |
|   coeff_imag_2_IBUF[0]_inst |    <0.001 |
|   coeff_imag_2_IBUF[1]_inst |    <0.001 |
|   coeff_imag_2_IBUF[2]_inst |    <0.001 |
|   coeff_imag_2_IBUF[3]_inst |    <0.001 |
|   coeff_imag_2_IBUF[4]_inst |    <0.001 |
|   coeff_imag_2_IBUF[5]_inst |    <0.001 |
|   coeff_imag_2_IBUF[6]_inst |    <0.001 |
|   coeff_imag_2_IBUF[7]_inst |    <0.001 |
|   coeff_imag_3_IBUF[0]_inst |    <0.001 |
|   coeff_imag_3_IBUF[1]_inst |    <0.001 |
|   coeff_imag_3_IBUF[2]_inst |    <0.001 |
|   coeff_imag_3_IBUF[3]_inst |    <0.001 |
|   coeff_imag_3_IBUF[4]_inst |    <0.001 |
|   coeff_imag_3_IBUF[5]_inst |    <0.001 |
|   coeff_imag_3_IBUF[6]_inst |    <0.001 |
|   coeff_imag_3_IBUF[7]_inst |    <0.001 |
|   coeff_imag_4_IBUF[0]_inst |    <0.001 |
|   coeff_imag_4_IBUF[1]_inst |    <0.001 |
|   coeff_imag_4_IBUF[2]_inst |    <0.001 |
|   coeff_imag_4_IBUF[3]_inst |    <0.001 |
|   coeff_imag_4_IBUF[4]_inst |    <0.001 |
|   coeff_imag_4_IBUF[5]_inst |    <0.001 |
|   coeff_imag_4_IBUF[6]_inst |    <0.001 |
|   coeff_imag_4_IBUF[7]_inst |    <0.001 |
|   coeff_imag_5_IBUF[0]_inst |    <0.001 |
|   coeff_imag_5_IBUF[1]_inst |    <0.001 |
|   coeff_imag_5_IBUF[2]_inst |    <0.001 |
|   coeff_imag_5_IBUF[3]_inst |    <0.001 |
|   coeff_imag_5_IBUF[4]_inst |    <0.001 |
|   coeff_imag_5_IBUF[5]_inst |    <0.001 |
|   coeff_imag_5_IBUF[6]_inst |    <0.001 |
|   coeff_imag_5_IBUF[7]_inst |    <0.001 |
|   coeff_imag_6_IBUF[0]_inst |    <0.001 |
|   coeff_imag_6_IBUF[1]_inst |    <0.001 |
|   coeff_imag_6_IBUF[2]_inst |    <0.001 |
|   coeff_imag_6_IBUF[3]_inst |    <0.001 |
|   coeff_imag_6_IBUF[4]_inst |    <0.001 |
|   coeff_imag_6_IBUF[5]_inst |    <0.001 |
|   coeff_imag_6_IBUF[6]_inst |    <0.001 |
|   coeff_imag_6_IBUF[7]_inst |    <0.001 |
|   coeff_imag_7_IBUF[0]_inst |    <0.001 |
|   coeff_imag_7_IBUF[1]_inst |    <0.001 |
|   coeff_imag_7_IBUF[2]_inst |    <0.001 |
|   coeff_imag_7_IBUF[3]_inst |    <0.001 |
|   coeff_imag_7_IBUF[4]_inst |    <0.001 |
|   coeff_imag_7_IBUF[5]_inst |    <0.001 |
|   coeff_imag_7_IBUF[6]_inst |    <0.001 |
|   coeff_imag_7_IBUF[7]_inst |    <0.001 |
|   coeff_real_0_IBUF[0]_inst |    <0.001 |
|   coeff_real_0_IBUF[1]_inst |    <0.001 |
|   coeff_real_0_IBUF[2]_inst |    <0.001 |
|   coeff_real_0_IBUF[3]_inst |    <0.001 |
|   coeff_real_0_IBUF[4]_inst |    <0.001 |
|   coeff_real_0_IBUF[5]_inst |    <0.001 |
|   coeff_real_0_IBUF[6]_inst |    <0.001 |
|   coeff_real_0_IBUF[7]_inst |    <0.001 |
|   coeff_real_1_IBUF[0]_inst |    <0.001 |
|   coeff_real_1_IBUF[1]_inst |    <0.001 |
|   coeff_real_1_IBUF[2]_inst |    <0.001 |
|   coeff_real_1_IBUF[3]_inst |    <0.001 |
|   coeff_real_1_IBUF[4]_inst |    <0.001 |
|   coeff_real_1_IBUF[5]_inst |    <0.001 |
|   coeff_real_1_IBUF[6]_inst |    <0.001 |
|   coeff_real_1_IBUF[7]_inst |    <0.001 |
|   coeff_real_2_IBUF[0]_inst |    <0.001 |
|   coeff_real_2_IBUF[1]_inst |    <0.001 |
|   coeff_real_2_IBUF[2]_inst |    <0.001 |
|   coeff_real_2_IBUF[3]_inst |    <0.001 |
|   coeff_real_2_IBUF[4]_inst |    <0.001 |
|   coeff_real_2_IBUF[5]_inst |    <0.001 |
|   coeff_real_2_IBUF[6]_inst |    <0.001 |
|   coeff_real_2_IBUF[7]_inst |    <0.001 |
|   coeff_real_3_IBUF[0]_inst |    <0.001 |
|   coeff_real_3_IBUF[1]_inst |    <0.001 |
|   coeff_real_3_IBUF[2]_inst |    <0.001 |
|   coeff_real_3_IBUF[3]_inst |    <0.001 |
|   coeff_real_3_IBUF[4]_inst |    <0.001 |
|   coeff_real_3_IBUF[5]_inst |    <0.001 |
|   coeff_real_3_IBUF[6]_inst |    <0.001 |
|   coeff_real_3_IBUF[7]_inst |    <0.001 |
|   coeff_real_4_IBUF[0]_inst |    <0.001 |
|   coeff_real_4_IBUF[1]_inst |    <0.001 |
|   coeff_real_4_IBUF[2]_inst |    <0.001 |
|   coeff_real_4_IBUF[3]_inst |    <0.001 |
|   coeff_real_4_IBUF[4]_inst |    <0.001 |
|   coeff_real_4_IBUF[5]_inst |    <0.001 |
|   coeff_real_4_IBUF[6]_inst |    <0.001 |
|   coeff_real_4_IBUF[7]_inst |    <0.001 |
|   coeff_real_5_IBUF[0]_inst |    <0.001 |
|   coeff_real_5_IBUF[1]_inst |    <0.001 |
|   coeff_real_5_IBUF[2]_inst |    <0.001 |
|   coeff_real_5_IBUF[3]_inst |    <0.001 |
|   coeff_real_5_IBUF[4]_inst |    <0.001 |
|   coeff_real_5_IBUF[5]_inst |    <0.001 |
|   coeff_real_5_IBUF[6]_inst |    <0.001 |
|   coeff_real_5_IBUF[7]_inst |    <0.001 |
|   coeff_real_6_IBUF[0]_inst |    <0.001 |
|   coeff_real_6_IBUF[1]_inst |    <0.001 |
|   coeff_real_6_IBUF[2]_inst |    <0.001 |
|   coeff_real_6_IBUF[3]_inst |    <0.001 |
|   coeff_real_6_IBUF[4]_inst |    <0.001 |
|   coeff_real_6_IBUF[5]_inst |    <0.001 |
|   coeff_real_6_IBUF[6]_inst |    <0.001 |
|   coeff_real_6_IBUF[7]_inst |    <0.001 |
|   coeff_real_7_IBUF[0]_inst |    <0.001 |
|   coeff_real_7_IBUF[1]_inst |    <0.001 |
|   coeff_real_7_IBUF[2]_inst |    <0.001 |
|   coeff_real_7_IBUF[3]_inst |    <0.001 |
|   coeff_real_7_IBUF[4]_inst |    <0.001 |
|   coeff_real_7_IBUF[5]_inst |    <0.001 |
|   coeff_real_7_IBUF[6]_inst |    <0.001 |
|   coeff_real_7_IBUF[7]_inst |    <0.001 |
|   data_in_IBUF[0]_inst      |    <0.001 |
|   data_in_IBUF[1]_inst      |    <0.001 |
|   data_in_IBUF[2]_inst      |    <0.001 |
|   data_in_IBUF[3]_inst      |    <0.001 |
|   data_in_IBUF[4]_inst      |    <0.001 |
|   data_in_IBUF[5]_inst      |    <0.001 |
|   data_in_IBUF[6]_inst      |    <0.001 |
|   data_in_IBUF[7]_inst      |    <0.001 |
|   rst_n_IBUF_inst           |    <0.001 |
+-----------------------------+-----------+


