Copyright 1986-2015 Xilinx, Inc. All Rights Reserved.
------------------------------------------------------------------------------------------------
| Tool Version      : Vivado v.2015.4.1 (lin64) Build 1431336 Fri Dec 11 14:52:39 MST 2015
| Date              : Thu Sep 28 14:56:11 2017
| Host              : ccblincad28.ece.gatech.edu running 64-bit unknown
| Command           : report_clock_utilization -file processor_top_clock_utilization_routed.rpt
| Design            : processor_top
| Device            : xcku115-flva2104
| Speed File        : -3  PRODUCTION 1.20 11-12-2015
| Temperature Grade : E
------------------------------------------------------------------------------------------------

Clock Utilization Report

Table of Contents
-----------------
1. Clock Primitive Utilization
2. Clock Root Assignments
3. Details of Global Clocks
4. Details of Local Clocks
5. Clock Regions : Routing Resource Utilization
6. Clock Regions : Key Resource Utilization
7. Net wise resources used in clock region X3Y3
8. Net wise resources used in clock region X4Y3

1. Clock Primitive Utilization
------------------------------

+------+------+-----------+-----------+
| Type | Used | Available | Num Fixed |
+------+------+-----------+-----------+
| BUFG |    1 |      1248 |         0 |
| MMCM |    0 |        24 |         0 |
| PLL  |    0 |        48 |         0 |
+------+------+-----------+-----------+


2. Clock Root Assignments
-------------------------

+-------+---------------+-------------------+-----------------------------------------+
| Index | Clock Net     | Root Clock Region | Clock Root Node                         |
+-------+---------------+-------------------+-----------------------------------------+
|     1 | clk_IBUF_BUFG | X4Y3              | RCLK_DSP_CLKBUF_L_X63Y209/CLK_HDISTR_R0 |
+-------+---------------+-------------------+-----------------------------------------+


3. Details of Global Clocks
---------------------------

+-------+--------------------+---------------+--------------+-------+
|       |                    |               |   Num Loads  |       |
+-------+--------------------+---------------+------+-------+-------+
| Index | BUFG Cell          | Net Name      | BELs | Sites | Fixed |
+-------+--------------------+---------------+------+-------+-------+
|     1 | clk_IBUF_BUFG_inst | clk_IBUF_BUFG |   63 |    11 |    no |
+-------+--------------------+---------------+------+-------+-------+


4. Details of Local Clocks
--------------------------

+-------+-----------------------------+-----------------+--------------+-------+
|       |                             |                 |   Num Loads  |       |
+-------+-----------------------------+-----------------+------+-------+-------+
| Index | Local Clk Src               | Net Name        | BELs | Sites | Fixed |
+-------+-----------------------------+-----------------+------+-------+-------+
|     1 | clk_IBUF_inst/IBUFCTRL_INST | clk_IBUF_inst/O |    1 |     1 |    no |
+-------+-----------------------------+-----------------+------+-------+-------+


5. Clock Regions : Routing Resource Utilization
-----------------------------------------------

+--------------+----------------------+----------------------+----------------------+----------------------+
|              |        HROUTES       |        HDISTRS       |        VROUTES       |        VDISTRS       |
+--------------+------+-------+-------+------+-------+-------+------+-------+-------+------+-------+-------+
| Clock Region | Used | Avail | Util% | Used | Avail | Util% | Used | Avail | Util% | Used | Avail | Util% |
+--------------+------+-------+-------+------+-------+-------+------+-------+-------+------+-------+-------+
| X0Y0         |    0 |    24 |  0.00 |    0 |    24 |  0.00 |    0 |    24 |  0.00 |    0 |    24 |  0.00 |
| X1Y0         |    0 |    24 |  0.00 |    0 |    24 |  0.00 |    0 |    24 |  0.00 |    0 |    24 |  0.00 |
| X2Y0         |    0 |    24 |  0.00 |    0 |    24 |  0.00 |    0 |    24 |  0.00 |    0 |    24 |  0.00 |
| X3Y0         |    0 |    24 |  0.00 |    0 |    24 |  0.00 |    0 |    24 |  0.00 |    0 |    24 |  0.00 |
| X4Y0         |    0 |    24 |  0.00 |    0 |    24 |  0.00 |    0 |    24 |  0.00 |    0 |    24 |  0.00 |
| X5Y0         |    0 |    24 |  0.00 |    0 |    24 |  0.00 |    0 |    24 |  0.00 |    0 |    24 |  0.00 |
| X0Y1         |    0 |    24 |  0.00 |    0 |    24 |  0.00 |    0 |    24 |  0.00 |    0 |    24 |  0.00 |
| X1Y1         |    0 |    24 |  0.00 |    0 |    24 |  0.00 |    0 |    24 |  0.00 |    0 |    24 |  0.00 |
| X2Y1         |    0 |    24 |  0.00 |    0 |    24 |  0.00 |    0 |    24 |  0.00 |    0 |    24 |  0.00 |
| X3Y1         |    0 |    24 |  0.00 |    0 |    24 |  0.00 |    0 |    24 |  0.00 |    0 |    24 |  0.00 |
| X4Y1         |    0 |    24 |  0.00 |    0 |    24 |  0.00 |    0 |    24 |  0.00 |    0 |    24 |  0.00 |
| X5Y1         |    0 |    24 |  0.00 |    0 |    24 |  0.00 |    0 |    24 |  0.00 |    0 |    24 |  0.00 |
| X0Y2         |    0 |    24 |  0.00 |    0 |    24 |  0.00 |    0 |    24 |  0.00 |    0 |    24 |  0.00 |
| X1Y2         |    0 |    24 |  0.00 |    0 |    24 |  0.00 |    0 |    24 |  0.00 |    0 |    24 |  0.00 |
| X2Y2         |    0 |    24 |  0.00 |    0 |    24 |  0.00 |    0 |    24 |  0.00 |    0 |    24 |  0.00 |
| X3Y2         |    0 |    24 |  0.00 |    0 |    24 |  0.00 |    0 |    24 |  0.00 |    0 |    24 |  0.00 |
| X4Y2         |    0 |    24 |  0.00 |    0 |    24 |  0.00 |    0 |    24 |  0.00 |    0 |    24 |  0.00 |
| X5Y2         |    0 |    24 |  0.00 |    0 |    24 |  0.00 |    0 |    24 |  0.00 |    0 |    24 |  0.00 |
| X0Y3         |    0 |    24 |  0.00 |    0 |    24 |  0.00 |    0 |    24 |  0.00 |    0 |    24 |  0.00 |
| X1Y3         |    0 |    24 |  0.00 |    0 |    24 |  0.00 |    0 |    24 |  0.00 |    0 |    24 |  0.00 |
| X2Y3         |    0 |    24 |  0.00 |    0 |    24 |  0.00 |    0 |    24 |  0.00 |    0 |    24 |  0.00 |
| X3Y3         |    0 |    24 |  0.00 |    1 |    24 |  4.17 |    0 |    24 |  0.00 |    0 |    24 |  0.00 |
| X4Y3         |    0 |    24 |  0.00 |    1 |    24 |  4.17 |    0 |    24 |  0.00 |    0 |    24 |  0.00 |
| X5Y3         |    0 |    24 |  0.00 |    0 |    24 |  0.00 |    0 |    24 |  0.00 |    0 |    24 |  0.00 |
| X0Y4         |    0 |    24 |  0.00 |    0 |    24 |  0.00 |    0 |    24 |  0.00 |    0 |    24 |  0.00 |
| X1Y4         |    0 |    24 |  0.00 |    0 |    24 |  0.00 |    0 |    24 |  0.00 |    0 |    24 |  0.00 |
| X2Y4         |    0 |    24 |  0.00 |    0 |    24 |  0.00 |    0 |    24 |  0.00 |    0 |    24 |  0.00 |
| X3Y4         |    0 |    24 |  0.00 |    0 |    24 |  0.00 |    0 |    24 |  0.00 |    0 |    24 |  0.00 |
| X4Y4         |    0 |    24 |  0.00 |    0 |    24 |  0.00 |    0 |    24 |  0.00 |    0 |    24 |  0.00 |
| X5Y4         |    0 |    24 |  0.00 |    0 |    24 |  0.00 |    0 |    24 |  0.00 |    0 |    24 |  0.00 |
| X0Y5         |    0 |    24 |  0.00 |    0 |    24 |  0.00 |    0 |    24 |  0.00 |    0 |    24 |  0.00 |
| X1Y5         |    0 |    24 |  0.00 |    0 |    24 |  0.00 |    0 |    24 |  0.00 |    0 |    24 |  0.00 |
| X2Y5         |    0 |    24 |  0.00 |    0 |    24 |  0.00 |    0 |    24 |  0.00 |    0 |    24 |  0.00 |
| X3Y5         |    0 |    24 |  0.00 |    0 |    24 |  0.00 |    0 |    24 |  0.00 |    0 |    24 |  0.00 |
| X4Y5         |    0 |    24 |  0.00 |    0 |    24 |  0.00 |    0 |    24 |  0.00 |    0 |    24 |  0.00 |
| X5Y5         |    0 |    24 |  0.00 |    0 |    24 |  0.00 |    0 |    24 |  0.00 |    0 |    24 |  0.00 |
| X0Y6         |    0 |    24 |  0.00 |    0 |    24 |  0.00 |    0 |    24 |  0.00 |    0 |    24 |  0.00 |
| X1Y6         |    0 |    24 |  0.00 |    0 |    24 |  0.00 |    0 |    24 |  0.00 |    0 |    24 |  0.00 |
| X2Y6         |    0 |    24 |  0.00 |    0 |    24 |  0.00 |    0 |    24 |  0.00 |    0 |    24 |  0.00 |
| X3Y6         |    0 |    24 |  0.00 |    0 |    24 |  0.00 |    0 |    24 |  0.00 |    0 |    24 |  0.00 |
| X4Y6         |    0 |    24 |  0.00 |    0 |    24 |  0.00 |    0 |    24 |  0.00 |    0 |    24 |  0.00 |
| X5Y6         |    0 |    24 |  0.00 |    0 |    24 |  0.00 |    0 |    24 |  0.00 |    0 |    24 |  0.00 |
| X0Y7         |    0 |    24 |  0.00 |    0 |    24 |  0.00 |    0 |    24 |  0.00 |    0 |    24 |  0.00 |
| X1Y7         |    0 |    24 |  0.00 |    0 |    24 |  0.00 |    0 |    24 |  0.00 |    0 |    24 |  0.00 |
| X2Y7         |    0 |    24 |  0.00 |    0 |    24 |  0.00 |    0 |    24 |  0.00 |    0 |    24 |  0.00 |
| X3Y7         |    0 |    24 |  0.00 |    0 |    24 |  0.00 |    0 |    24 |  0.00 |    0 |    24 |  0.00 |
| X4Y7         |    0 |    24 |  0.00 |    0 |    24 |  0.00 |    0 |    24 |  0.00 |    0 |    24 |  0.00 |
| X5Y7         |    0 |    24 |  0.00 |    0 |    24 |  0.00 |    0 |    24 |  0.00 |    0 |    24 |  0.00 |
| X0Y8         |    0 |    24 |  0.00 |    0 |    24 |  0.00 |    0 |    24 |  0.00 |    0 |    24 |  0.00 |
| X1Y8         |    0 |    24 |  0.00 |    0 |    24 |  0.00 |    0 |    24 |  0.00 |    0 |    24 |  0.00 |
| X2Y8         |    0 |    24 |  0.00 |    0 |    24 |  0.00 |    0 |    24 |  0.00 |    0 |    24 |  0.00 |
| X3Y8         |    0 |    24 |  0.00 |    0 |    24 |  0.00 |    0 |    24 |  0.00 |    0 |    24 |  0.00 |
| X4Y8         |    0 |    24 |  0.00 |    0 |    24 |  0.00 |    0 |    24 |  0.00 |    0 |    24 |  0.00 |
| X5Y8         |    0 |    24 |  0.00 |    0 |    24 |  0.00 |    0 |    24 |  0.00 |    0 |    24 |  0.00 |
| X0Y9         |    0 |    24 |  0.00 |    0 |    24 |  0.00 |    0 |    24 |  0.00 |    0 |    24 |  0.00 |
| X1Y9         |    0 |    24 |  0.00 |    0 |    24 |  0.00 |    0 |    24 |  0.00 |    0 |    24 |  0.00 |
| X2Y9         |    0 |    24 |  0.00 |    0 |    24 |  0.00 |    0 |    24 |  0.00 |    0 |    24 |  0.00 |
| X3Y9         |    0 |    24 |  0.00 |    0 |    24 |  0.00 |    0 |    24 |  0.00 |    0 |    24 |  0.00 |
| X4Y9         |    0 |    24 |  0.00 |    0 |    24 |  0.00 |    0 |    24 |  0.00 |    0 |    24 |  0.00 |
| X5Y9         |    0 |    24 |  0.00 |    0 |    24 |  0.00 |    0 |    24 |  0.00 |    0 |    24 |  0.00 |
+--------------+------+-------+-------+------+-------+-------+------+-------+-------+------+-------+-------+


6. Clock Regions : Key Resource Utilization
-------------------------------------------

+-------------------+--------------+--------------+--------------+--------------+--------------+--------------+--------------+--------------+--------------+--------------+--------------+--------------+--------------+--------------+
|                   | Global Clock |    BUFGCE    |  BUFGCE_DIV  |   BUFGCTRL   |     MMCM     |      PLL     |      GT      |    BUFG_GT   |      PCI     |      FF      |     LUTM     |    RAMB18    |    RAMB36    |    DSP48E2   |
+-------------------+------+-------+------+-------+------+-------+------+-------+------+-------+------+-------+------+-------+------+-------+------+-------+------+-------+------+-------+------+-------+------+-------+------+-------+
| Clock Region Name | Used | Avail | Used | Avail | Used | Avail | Used | Avail | Used | Avail | Used | Avail | Used | Avail | Used | Avail | Used | Avail | Used | Avail | Used | Avail | Used | Avail | Used | Avail | Used | Avail |
+-------------------+------+-------+------+-------+------+-------+------+-------+------+-------+------+-------+------+-------+------+-------+------+-------+------+-------+------+-------+------+-------+------+-------+------+-------+
| X0Y0              |    0 |    24 |    0 |    24 |    0 |     4 |    0 |     8 |    0 |     1 |    0 |     2 |    0 |     0 |    0 |     0 |    0 |     0 |    0 | 20160 |    0 |  4800 |    0 |    72 |    0 |    36 |    0 |   120 |
| X1Y0              |    0 |    24 |    0 |     0 |    0 |     0 |    0 |     0 |    0 |     0 |    0 |     0 |    0 |     0 |    0 |     0 |    0 |     0 |    0 | 22080 |    0 |  5280 |    0 |    72 |    0 |    36 |    0 |    96 |
| X2Y0              |    0 |    24 |    0 |    24 |    0 |     4 |    0 |     8 |    0 |     1 |    0 |     2 |    0 |     0 |    0 |     0 |    0 |     0 |    0 | 20160 |    0 |  4800 |    0 |    72 |    0 |    36 |    0 |   120 |
| X3Y0              |    0 |    24 |    0 |     0 |    0 |     0 |    0 |     0 |    0 |     0 |    0 |     0 |    0 |     0 |    0 |     0 |    0 |     0 |    0 | 22080 |    0 |  5280 |    0 |    72 |    0 |    36 |    0 |    96 |
| X4Y0              |    0 |    24 |    0 |    24 |    0 |     4 |    0 |     8 |    0 |     1 |    0 |     2 |    0 |     0 |    0 |     0 |    0 |     0 |    0 | 20160 |    0 |  4800 |    0 |    72 |    0 |    36 |    0 |   120 |
| X5Y0              |    0 |    24 |    0 |     0 |    0 |     0 |    0 |     0 |    0 |     0 |    0 |     0 |    0 |     5 |    0 |    24 |    0 |     0 |    0 | 21120 |    0 |   960 |    0 |    72 |    0 |    36 |    0 |     0 |
| X0Y1              |    0 |    24 |    0 |    24 |    0 |     4 |    0 |     8 |    0 |     1 |    0 |     2 |    0 |     0 |    0 |     0 |    0 |     0 |    0 | 22080 |    0 |  5760 |    0 |    72 |    0 |    36 |    0 |   120 |
| X1Y1              |    0 |    24 |    0 |     0 |    0 |     0 |    0 |     0 |    0 |     0 |    0 |     0 |    0 |     0 |    0 |     0 |    0 |     0 |    0 | 24000 |    0 |  6240 |    0 |    72 |    0 |    36 |    0 |    96 |
| X2Y1              |    0 |    24 |    0 |    24 |    0 |     4 |    0 |     8 |    0 |     1 |    0 |     2 |    0 |     0 |    0 |     0 |    0 |     0 |    0 | 22080 |    0 |  5760 |    0 |    72 |    0 |    36 |    0 |   120 |
| X3Y1              |    0 |    24 |    0 |     0 |    0 |     0 |    0 |     0 |    0 |     0 |    0 |     0 |    0 |     0 |    0 |     0 |    0 |     0 |    0 | 24000 |    0 |  6240 |    0 |    72 |    0 |    36 |    0 |    96 |
| X4Y1              |    0 |    24 |    0 |    24 |    0 |     4 |    0 |     8 |    0 |     1 |    0 |     2 |    0 |     0 |    0 |     0 |    0 |     0 |    0 | 22080 |    0 |  5760 |    0 |    72 |    0 |    36 |    0 |   120 |
| X5Y1              |    0 |    24 |    0 |     0 |    0 |     0 |    0 |     0 |    0 |     0 |    0 |     0 |    0 |     5 |    0 |    24 |    0 |     0 |    0 | 23040 |    0 |  1920 |    0 |    72 |    0 |    36 |    0 |     0 |
| X0Y2              |    0 |    24 |    0 |     0 |    0 |     0 |    0 |     0 |    0 |     0 |    0 |     0 |    0 |     5 |    0 |    24 |    0 |     0 |    0 | 22080 |    0 |  5760 |    0 |    72 |    0 |    36 |    0 |   120 |
| X1Y2              |    0 |    24 |    0 |     0 |    0 |     0 |    0 |     0 |    0 |     0 |    0 |     0 |    0 |     0 |    0 |     0 |    0 |     0 |    0 | 24000 |    0 |  6240 |    0 |    72 |    0 |    36 |    0 |    96 |
| X2Y2              |    0 |    24 |    0 |    24 |    0 |     4 |    0 |     8 |    0 |     1 |    0 |     2 |    0 |     0 |    0 |     0 |    0 |     0 |    0 | 22080 |    0 |  5760 |    0 |    72 |    0 |    36 |    0 |   120 |
| X3Y2              |    0 |    24 |    0 |     0 |    0 |     0 |    0 |     0 |    0 |     0 |    0 |     0 |    0 |     0 |    0 |     0 |    0 |     0 |    0 | 24000 |    0 |  6240 |    0 |    72 |    0 |    36 |    0 |    96 |
| X4Y2              |    0 |    24 |    0 |    24 |    0 |     4 |    0 |     8 |    0 |     1 |    0 |     2 |    0 |     0 |    0 |     0 |    0 |     0 |    0 | 22080 |    0 |  5760 |    0 |    72 |    0 |    36 |    0 |   120 |
| X5Y2              |    0 |    24 |    0 |     0 |    0 |     0 |    0 |     0 |    0 |     0 |    0 |     0 |    0 |     5 |    0 |    24 |    0 |     0 |    0 | 23040 |    0 |  1920 |    0 |    72 |    0 |    36 |    0 |     0 |
| X0Y3              |    0 |    24 |    0 |     0 |    0 |     0 |    0 |     0 |    0 |     0 |    0 |     0 |    0 |     5 |    0 |    24 |    0 |     0 |    0 | 22080 |    0 |  5760 |    0 |    72 |    0 |    36 |    0 |   120 |
| X1Y3              |    0 |    24 |    0 |     0 |    0 |     0 |    0 |     0 |    0 |     0 |    0 |     0 |    0 |     0 |    0 |     0 |    0 |     0 |    0 | 24000 |    0 |  6240 |    0 |    72 |    0 |    36 |    0 |    96 |
| X2Y3              |    0 |    24 |    0 |    24 |    0 |     4 |    0 |     8 |    0 |     1 |    0 |     2 |    0 |     0 |    0 |     0 |    0 |     0 |    0 | 22080 |    0 |  5760 |    0 |    72 |    0 |    36 |    0 |   120 |
| X3Y3              |    1 |    24 |    0 |     0 |    0 |     0 |    0 |     0 |    0 |     0 |    0 |     0 |    0 |     0 |    0 |     0 |    0 |     0 |   60 | 24000 |    0 |  6240 |    0 |    72 |    0 |    36 |    1 |    96 |
| X4Y3              |    1 |    24 |    1 |    24 |    0 |     4 |    0 |     8 |    0 |     1 |    0 |     2 |    0 |     0 |    0 |     0 |    0 |     0 |    3 | 22080 |    0 |  5760 |    0 |    72 |    0 |    36 |    0 |   120 |
| X5Y3              |    0 |    24 |    0 |     0 |    0 |     0 |    0 |     0 |    0 |     0 |    0 |     0 |    0 |     5 |    0 |    24 |    0 |     0 |    0 | 23040 |    0 |  1920 |    0 |    72 |    0 |    36 |    0 |     0 |
| X0Y4              |    0 |    24 |    0 |     0 |    0 |     0 |    0 |     0 |    0 |     0 |    0 |     0 |    0 |     5 |    0 |    24 |    0 |     0 |    0 | 20160 |    0 |  4800 |    0 |    72 |    0 |    36 |    0 |   120 |
| X1Y4              |    0 |    24 |    0 |     0 |    0 |     0 |    0 |     0 |    0 |     0 |    0 |     0 |    0 |     0 |    0 |     0 |    0 |     0 |    0 | 22080 |    0 |  5280 |    0 |    72 |    0 |    36 |    0 |    96 |
| X2Y4              |    0 |    24 |    0 |    24 |    0 |     4 |    0 |     8 |    0 |     1 |    0 |     2 |    0 |     0 |    0 |     0 |    0 |     0 |    0 | 20160 |    0 |  4800 |    0 |    72 |    0 |    36 |    0 |   120 |
| X3Y4              |    0 |    24 |    0 |     0 |    0 |     0 |    0 |     0 |    0 |     0 |    0 |     0 |    0 |     0 |    0 |     0 |    0 |     0 |    0 | 22080 |    0 |  5280 |    0 |    72 |    0 |    36 |    0 |    96 |
| X4Y4              |    0 |    24 |    0 |    24 |    0 |     4 |    0 |     8 |    0 |     1 |    0 |     2 |    0 |     0 |    0 |     0 |    0 |     0 |    0 | 20160 |    0 |  4800 |    0 |    72 |    0 |    36 |    0 |   120 |
| X5Y4              |    0 |    24 |    0 |     0 |    0 |     0 |    0 |     0 |    0 |     0 |    0 |     0 |    0 |     5 |    0 |    24 |    0 |     0 |    0 | 21120 |    0 |   960 |    0 |    72 |    0 |    36 |    0 |     0 |
| X0Y5              |    0 |    24 |    0 |    24 |    0 |     4 |    0 |     8 |    0 |     1 |    0 |     2 |    0 |     0 |    0 |     0 |    0 |     0 |    0 | 20160 |    0 |  4800 |    0 |    72 |    0 |    36 |    0 |   120 |
| X1Y5              |    0 |    24 |    0 |     0 |    0 |     0 |    0 |     0 |    0 |     0 |    0 |     0 |    0 |     0 |    0 |     0 |    0 |     0 |    0 | 22080 |    0 |  5280 |    0 |    72 |    0 |    36 |    0 |    96 |
| X2Y5              |    0 |    24 |    0 |    24 |    0 |     4 |    0 |     8 |    0 |     1 |    0 |     2 |    0 |     0 |    0 |     0 |    0 |     0 |    0 | 20160 |    0 |  4800 |    0 |    72 |    0 |    36 |    0 |   120 |
| X3Y5              |    0 |    24 |    0 |     0 |    0 |     0 |    0 |     0 |    0 |     0 |    0 |     0 |    0 |     0 |    0 |     0 |    0 |     0 |    0 | 22080 |    0 |  5280 |    0 |    72 |    0 |    36 |    0 |    96 |
| X4Y5              |    0 |    24 |    0 |    24 |    0 |     4 |    0 |     8 |    0 |     1 |    0 |     2 |    0 |     0 |    0 |     0 |    0 |     0 |    0 | 20160 |    0 |  4800 |    0 |    72 |    0 |    36 |    0 |   120 |
| X5Y5              |    0 |    24 |    0 |     0 |    0 |     0 |    0 |     0 |    0 |     0 |    0 |     0 |    0 |     5 |    0 |    24 |    0 |     0 |    0 | 21120 |    0 |   960 |    0 |    72 |    0 |    36 |    0 |     0 |
| X0Y6              |    0 |    24 |    0 |    24 |    0 |     4 |    0 |     8 |    0 |     1 |    0 |     2 |    0 |     0 |    0 |     0 |    0 |     0 |    0 | 22080 |    0 |  5760 |    0 |    72 |    0 |    36 |    0 |   120 |
| X1Y6              |    0 |    24 |    0 |     0 |    0 |     0 |    0 |     0 |    0 |     0 |    0 |     0 |    0 |     0 |    0 |     0 |    0 |     0 |    0 | 24000 |    0 |  6240 |    0 |    72 |    0 |    36 |    0 |    96 |
| X2Y6              |    0 |    24 |    0 |    24 |    0 |     4 |    0 |     8 |    0 |     1 |    0 |     2 |    0 |     0 |    0 |     0 |    0 |     0 |    0 | 22080 |    0 |  5760 |    0 |    72 |    0 |    36 |    0 |   120 |
| X3Y6              |    0 |    24 |    0 |     0 |    0 |     0 |    0 |     0 |    0 |     0 |    0 |     0 |    0 |     0 |    0 |     0 |    0 |     0 |    0 | 24000 |    0 |  6240 |    0 |    72 |    0 |    36 |    0 |    96 |
| X4Y6              |    0 |    24 |    0 |    24 |    0 |     4 |    0 |     8 |    0 |     1 |    0 |     2 |    0 |     0 |    0 |     0 |    0 |     0 |    0 | 22080 |    0 |  5760 |    0 |    72 |    0 |    36 |    0 |   120 |
| X5Y6              |    0 |    24 |    0 |     0 |    0 |     0 |    0 |     0 |    0 |     0 |    0 |     0 |    0 |     5 |    0 |    24 |    0 |     0 |    0 | 23040 |    0 |  1920 |    0 |    72 |    0 |    36 |    0 |     0 |
| X0Y7              |    0 |    24 |    0 |     0 |    0 |     0 |    0 |     0 |    0 |     0 |    0 |     0 |    0 |     5 |    0 |    24 |    0 |     0 |    0 | 22080 |    0 |  5760 |    0 |    72 |    0 |    36 |    0 |   120 |
| X1Y7              |    0 |    24 |    0 |     0 |    0 |     0 |    0 |     0 |    0 |     0 |    0 |     0 |    0 |     0 |    0 |     0 |    0 |     0 |    0 | 24000 |    0 |  6240 |    0 |    72 |    0 |    36 |    0 |    96 |
| X2Y7              |    0 |    24 |    0 |    24 |    0 |     4 |    0 |     8 |    0 |     1 |    0 |     2 |    0 |     0 |    0 |     0 |    0 |     0 |    0 | 22080 |    0 |  5760 |    0 |    72 |    0 |    36 |    0 |   120 |
| X3Y7              |    0 |    24 |    0 |     0 |    0 |     0 |    0 |     0 |    0 |     0 |    0 |     0 |    0 |     0 |    0 |     0 |    0 |     0 |    0 | 24000 |    0 |  6240 |    0 |    72 |    0 |    36 |    0 |    96 |
| X4Y7              |    0 |    24 |    0 |    24 |    0 |     4 |    0 |     8 |    0 |     1 |    0 |     2 |    0 |     0 |    0 |     0 |    0 |     0 |    0 | 22080 |    0 |  5760 |    0 |    72 |    0 |    36 |    0 |   120 |
| X5Y7              |    0 |    24 |    0 |     0 |    0 |     0 |    0 |     0 |    0 |     0 |    0 |     0 |    0 |     5 |    0 |    24 |    0 |     0 |    0 | 23040 |    0 |  1920 |    0 |    72 |    0 |    36 |    0 |     0 |
| X0Y8              |    0 |    24 |    0 |     0 |    0 |     0 |    0 |     0 |    0 |     0 |    0 |     0 |    0 |     5 |    0 |    24 |    0 |     0 |    0 | 22080 |    0 |  5760 |    0 |    72 |    0 |    36 |    0 |   120 |
| X1Y8              |    0 |    24 |    0 |     0 |    0 |     0 |    0 |     0 |    0 |     0 |    0 |     0 |    0 |     0 |    0 |     0 |    0 |     0 |    0 | 24000 |    0 |  6240 |    0 |    72 |    0 |    36 |    0 |    96 |
| X2Y8              |    0 |    24 |    0 |    24 |    0 |     4 |    0 |     8 |    0 |     1 |    0 |     2 |    0 |     0 |    0 |     0 |    0 |     0 |    0 | 22080 |    0 |  5760 |    0 |    72 |    0 |    36 |    0 |   120 |
| X3Y8              |    0 |    24 |    0 |     0 |    0 |     0 |    0 |     0 |    0 |     0 |    0 |     0 |    0 |     0 |    0 |     0 |    0 |     0 |    0 | 24000 |    0 |  6240 |    0 |    72 |    0 |    36 |    0 |    96 |
| X4Y8              |    0 |    24 |    0 |    24 |    0 |     4 |    0 |     8 |    0 |     1 |    0 |     2 |    0 |     0 |    0 |     0 |    0 |     0 |    0 | 22080 |    0 |  5760 |    0 |    72 |    0 |    36 |    0 |   120 |
| X5Y8              |    0 |    24 |    0 |     0 |    0 |     0 |    0 |     0 |    0 |     0 |    0 |     0 |    0 |     5 |    0 |    24 |    0 |     0 |    0 | 23040 |    0 |  1920 |    0 |    72 |    0 |    36 |    0 |     0 |
| X0Y9              |    0 |    24 |    0 |     0 |    0 |     0 |    0 |     0 |    0 |     0 |    0 |     0 |    0 |     5 |    0 |    24 |    0 |     0 |    0 | 20160 |    0 |  4800 |    0 |    72 |    0 |    36 |    0 |   120 |
| X1Y9              |    0 |    24 |    0 |     0 |    0 |     0 |    0 |     0 |    0 |     0 |    0 |     0 |    0 |     0 |    0 |     0 |    0 |     0 |    0 | 22080 |    0 |  5280 |    0 |    72 |    0 |    36 |    0 |    96 |
| X2Y9              |    0 |    24 |    0 |    24 |    0 |     4 |    0 |     8 |    0 |     1 |    0 |     2 |    0 |     0 |    0 |     0 |    0 |     0 |    0 | 20160 |    0 |  4800 |    0 |    72 |    0 |    36 |    0 |   120 |
| X3Y9              |    0 |    24 |    0 |     0 |    0 |     0 |    0 |     0 |    0 |     0 |    0 |     0 |    0 |     0 |    0 |     0 |    0 |     0 |    0 | 22080 |    0 |  5280 |    0 |    72 |    0 |    36 |    0 |    96 |
| X4Y9              |    0 |    24 |    0 |    24 |    0 |     4 |    0 |     8 |    0 |     1 |    0 |     2 |    0 |     0 |    0 |     0 |    0 |     0 |    0 | 20160 |    0 |  4800 |    0 |    72 |    0 |    36 |    0 |   120 |
| X5Y9              |    0 |    24 |    0 |     0 |    0 |     0 |    0 |     0 |    0 |     0 |    0 |     0 |    0 |     5 |    0 |    24 |    0 |     0 |    0 | 21120 |    0 |   960 |    0 |    72 |    0 |    36 |    0 |     0 |
+-------------------+------+-------+------+-------+------+-------+------+-------+------+-------+------+-------+------+-------+------+-------+------+-------+------+-------+------+-------+------+-------+------+-------+------+-------+
* The total number of global clock buffers within a clock region must not exceed 24. Note that one BUFGCTRL consumes two global clock buffers. For more information see UG572: UltraScale Architecture Clocking Resources.
** RAMB36 site can be used as two RAMB18/FIFO18 sites.


7. Net wise resources used in clock region X3Y3
-----------------------------------------------

+-------------+-------+-----------+----------+---------+-----------+-----+-------+----------+----------------+
| Source Type | Fixed | MMCM Pins | PLL Pins | GT Pins | BRAM Pins | FFs | LUTMs | DSP48E2s | Clock Net Name |
+-------------+-------+-----------+----------+---------+-----------+-----+-------+----------+----------------+
| BUFGCE      |   no  |         0 |        0 |       0 |         0 |  60 |     0 |        0 | clk_IBUF_BUFG  |
+-------------+-------+-----------+----------+---------+-----------+-----+-------+----------+----------------+


8. Net wise resources used in clock region X4Y3
-----------------------------------------------

+-------------+-------+-----------+----------+---------+-----------+-----+-------+----------+----------------+
| Source Type | Fixed | MMCM Pins | PLL Pins | GT Pins | BRAM Pins | FFs | LUTMs | DSP48E2s | Clock Net Name |
+-------------+-------+-----------+----------+---------+-----------+-----+-------+----------+----------------+
| BUFGCE      |   no  |         0 |        0 |       0 |         0 |   3 |     0 |        0 | clk_IBUF_BUFG  |
+-------------+-------+-----------+----------+---------+-----------+-----+-------+----------+----------------+


