#-----------------------------------------------------------
# Vivado v2015.4.1 (64-bit)
# SW Build 1431336 on Fri Dec 11 14:52:39 MST 2015
# IP Build 1427053 on Mon Dec  7 12:56:29 MST 2015
# Start of session at: Thu Sep 14 14:51:03 2017
# Process ID: 10593
# Current directory: /nethome/wsutton8/ECE6276/ECE6276/HW2/lab_2/vivado_run
# Command line: vivado
# Log file: /nethome/wsutton8/ECE6276/ECE6276/HW2/lab_2/vivado_run/vivado.log
# Journal file: /nethome/wsutton8/ECE6276/ECE6276/HW2/lab_2/vivado_run/vivado.jou
#-----------------------------------------------------------
start_gui
create_project project_2 /nethome/wsutton8/ECE6276/ECE6276/HW2/lab_2/vivado_run/project_2 -part xcku115-flva2104-3-e
set_property target_language VHDL [current_project]
add_files -norecurse -scan_for_includes /nethome/wsutton8/ECE6276/ECE6276/HW2/lab_2/src/barrel_shifter_16.vhd
update_compile_order -fileset sources_1
update_compile_order -fileset sim_1
launch_runs synth_1
wait_on_run synth_1
launch_runs impl_1
wait_on_run impl_1
open_run impl_1
